[erramix-themes.com/agentic/index.html]
[erramix-themes.com/agentic/images/favicon.ico]
[cdnjs.cloudflare.com/ajax/libs/toastr.js/latest/css/toastr.min.css]
[erramix-themes.com/agentic/css/bootstrap.min.css]
[cdnjs.cloudflare.com/ajax/libs/font-awesome/6.6.0/css/all.min.css]
[erramix-themes.com/agentic/css/styles.css]
[backblue.gif]
[fade.gif]
[index.html]
[erramix-themes.com/agentic/index-2.html]
[erramix-themes.com/agentic/about.html]
[erramix-themes.com/agentic/services.html]
[erramix-themes.com/agentic/work.html]
[erramix-themes.com/agentic/career.html]
[erramix-themes.com/agentic/privacy-policy.html]
[erramix-themes.com/agentic/terms-of-use.html]
[erramix-themes.com/agentic/contact.html]
[erramix-themes.com/agentic/images/portfolio/6.png]
[erramix-themes.com/agentic/images/hero/hero.svg]
[erramix-themes.com/agentic/images/portfolio/7.png]
[erramix-themes.com/agentic/images/portfolio/5.png]
[erramix-themes.com/agentic/images/portfolio/2.png]
[erramix-themes.com/agentic/images/testimonials/testimonials-3.jpg]
[erramix-themes.com/agentic/images/testimonials/testimonials-1.jpg]
[erramix-themes.com/agentic/images/testimonials/testimonials-4.jpg]
[erramix-themes.com/agentic/images/testimonials/testimonials-5.jpg]
[erramix-themes.com/agentic/images/team/team-1.jpg]
[erramix-themes.com/agentic/images/team/team-2.jpg]
[erramix-themes.com/agentic/images/team/team-3.jpg]
[erramix-themes.com/agentic/js/jquery-3.6.1.min.js]
[erramix-themes.com/agentic/js/pace.js]
[erramix-themes.com/agentic/js/jquery.bez.js]
[cdnjs.cloudflare.com/ajax/libs/toastr.js/latest/js/toastr.min.js]
[erramix-themes.com/agentic/js/owl.carousel.min.js]
[erramix-themes.com/agentic/js/TweenMax.min.js]
[erramix-themes.com/agentic/js/bootstrap.bundle.min.js]
[erramix-themes.com/agentic/js/jquery.counterup.min.js]
[erramix-themes.com/agentic/js/jquery.waypoints.js]
[erramix-themes.com/agentic/js/main.js]
[erramix-themes.com/agentic/index.html]
[erramix-themes.com/agentic/css/bootstrap.min.css]
[cdnjs.cloudflare.com/ajax/libs/toastr.js/latest/css/toastr.min.css]
[cdnjs.cloudflare.com/ajax/libs/font-awesome/6.6.0/css/all.min.css]
[erramix-themes.com/agentic/css/styles.css]
[erramix-themes.com/agentic/index-2.html]
[erramix-themes.com/agentic/images/about/about-1.png]
[erramix-themes.com/agentic/images/about/about-2.png]
[erramix-themes.com/agentic/about.html]
[erramix-themes.com/agentic/services.html]
[erramix-themes.com/agentic/images/portfolio/3.png]
[erramix-themes.com/agentic/images/portfolio/4.png]
[erramix-themes.com/agentic/work.html]
[erramix-themes.com/agentic/career.html]
[erramix-themes.com/agentic/privacy-policy.html]
[erramix-themes.com/agentic/terms-of-use.html]
[erramix-themes.com/agentic/contact.html]
[erramix-themes.com/agentic/images/hero/hero.svg]
